I'm sorry, but errors were detected in your script. Please correct the
errors listed below, and try again.


File "game/screens.rpy", line 1689: 'scene' is not a keyword argument or valid child of the screen statement.
    scene bg hall at bg_hall_scaled
         ^

Ren'Py Version: Ren'Py 8.3.7.25031702
Sun Jul  6 01:24:47 2025
